// Jest Snapshot v1, https://goo.gl/fbAQLP

exports[`Index when Get Components service endpoint returns an array of multiple components renders the page 1`] = `
<div
  class="m-3"
>
  <div>
    <div
      class="card my-3"
    >
      <!---->
      <!---->
      <div
        class="list-group"
      >
        <div
          class="list-group-item list-group-item-success"
        >
          <span
            class=""
          >
            4
          </span>
          
        OpenAPI specs
      
        </div>
      </div>
      <!---->
      <!---->
    </div>
     
    <div
      class="mt-3 mb-4"
      components="[object Object],[object Object],[object Object]"
    >
       
      <button
        aria-controls="filters"
        aria-expanded="false"
        class="btn btn-primary collapsed"
        id="toggleFilters"
        type="button"
      >
        <svg
          aria-hidden="true"
          aria-label="blank"
          class="bi-blank b-icon bi"
          fill="currentColor"
          focusable="false"
          height="1em"
          role="img"
          viewBox="0 0 16 16"
          width="1em"
          xmlns="http://www.w3.org/2000/svg"
        >
          <g />
        </svg>
         Filters
  
      </button>
       
      <transition-stub
        class="mt-3"
        css="true"
        enteractiveclass="collapsing"
        enterclass=""
        entertoclass="collapse show"
        leaveactiveclass="collapsing"
        leaveclass="collapse show"
        leavetoclass="collapse"
      >
        <div
          class="collapse"
          id="filters"
          style="display: none;"
        >
          <div
            class="card-columns"
          >
             
            <!---->
             
            <!---->
             
            <!---->
             
            <div
              class="card bg-secondary"
            >
              <!---->
              <!---->
              <div
                class="card-body p-2"
              >
                <!---->
                <!---->
                <fieldset
                  class="form-group"
                  id="__BVID__24"
                >
                  <legend
                    class="bv-no-focus-ring col-form-label pt-0"
                    id="__BVID__24__BV_label_"
                    tabindex="-1"
                  >
                    Teams
                  </legend>
                  <div>
                    <div
                      class="bv-no-focus-ring"
                      id="__BVID__25"
                      role="group"
                      tabindex="-1"
                    >
                      <div
                        class="custom-control custom-checkbox"
                      >
                        <input
                          class="custom-control-input"
                          id="__BVID__25_BV_option_0"
                          name="team"
                          type="checkbox"
                          value="test-team-id-1-1"
                        />
                        <label
                          class="custom-control-label"
                          for="__BVID__25_BV_option_0"
                        >
                          <span>
                            test-team-id-1-1
                          </span>
                        </label>
                      </div>
                      <div
                        class="custom-control custom-checkbox"
                      >
                        <input
                          class="custom-control-input"
                          id="__BVID__25_BV_option_1"
                          name="team"
                          type="checkbox"
                          value="test-team-id-1-2"
                        />
                        <label
                          class="custom-control-label"
                          for="__BVID__25_BV_option_1"
                        >
                          <span>
                            test-team-id-1-2
                          </span>
                        </label>
                      </div>
                      <div
                        class="custom-control custom-checkbox"
                      >
                        <input
                          class="custom-control-input"
                          id="__BVID__25_BV_option_2"
                          name="team"
                          type="checkbox"
                          value="test-team-id-2-1"
                        />
                        <label
                          class="custom-control-label"
                          for="__BVID__25_BV_option_2"
                        >
                          <span>
                            test-team-id-2-1
                          </span>
                        </label>
                      </div>
                      <div
                        class="custom-control custom-checkbox"
                      >
                        <input
                          class="custom-control-input"
                          id="__BVID__25_BV_option_3"
                          name="team"
                          type="checkbox"
                          value="test-team-id-2-2"
                        />
                        <label
                          class="custom-control-label"
                          for="__BVID__25_BV_option_3"
                        >
                          <span>
                            test-team-id-2-2
                          </span>
                        </label>
                      </div>
                      <div
                        class="custom-control custom-checkbox"
                      >
                        <input
                          class="custom-control-input"
                          id="__BVID__25_BV_option_4"
                          name="team"
                          type="checkbox"
                          value="test-team-id-3-1"
                        />
                        <label
                          class="custom-control-label"
                          for="__BVID__25_BV_option_4"
                        >
                          <span>
                            test-team-id-3-1
                          </span>
                        </label>
                      </div>
                      <div
                        class="custom-control custom-checkbox"
                      >
                        <input
                          class="custom-control-input"
                          id="__BVID__25_BV_option_5"
                          name="team"
                          type="checkbox"
                          value="test-team-id-3-2"
                        />
                        <label
                          class="custom-control-label"
                          for="__BVID__25_BV_option_5"
                        >
                          <span>
                            test-team-id-3-2
                          </span>
                        </label>
                      </div>
                    </div>
                    <!---->
                    <!---->
                    <!---->
                  </div>
                </fieldset>
              </div>
              <!---->
              <!---->
            </div>
             
            <div
              class="card bg-secondary"
            >
              <!---->
              <!---->
              <div
                class="card-body p-2"
              >
                <!---->
                <!---->
                <fieldset
                  class="form-group"
                  id="__BVID__32"
                >
                  <legend
                    class="bv-no-focus-ring col-form-label pt-0"
                    id="__BVID__32__BV_label_"
                    tabindex="-1"
                  >
                    Tags
                  </legend>
                  <div>
                    <div
                      class="bv-no-focus-ring"
                      id="__BVID__33"
                      role="group"
                      tabindex="-1"
                    >
                      <div
                        class="custom-control custom-checkbox"
                      >
                        <input
                          class="custom-control-input"
                          id="__BVID__33_BV_option_0"
                          name="tag"
                          type="checkbox"
                          value="test-tag-1-1"
                        />
                        <label
                          class="custom-control-label"
                          for="__BVID__33_BV_option_0"
                        >
                          <span>
                            test-tag-1-1
                          </span>
                        </label>
                      </div>
                      <div
                        class="custom-control custom-checkbox"
                      >
                        <input
                          class="custom-control-input"
                          id="__BVID__33_BV_option_1"
                          name="tag"
                          type="checkbox"
                          value="test-tag-1-2"
                        />
                        <label
                          class="custom-control-label"
                          for="__BVID__33_BV_option_1"
                        >
                          <span>
                            test-tag-1-2
                          </span>
                        </label>
                      </div>
                      <div
                        class="custom-control custom-checkbox"
                      >
                        <input
                          class="custom-control-input"
                          id="__BVID__33_BV_option_2"
                          name="tag"
                          type="checkbox"
                          value="test-tag-2-1"
                        />
                        <label
                          class="custom-control-label"
                          for="__BVID__33_BV_option_2"
                        >
                          <span>
                            test-tag-2-1
                          </span>
                        </label>
                      </div>
                      <div
                        class="custom-control custom-checkbox"
                      >
                        <input
                          class="custom-control-input"
                          id="__BVID__33_BV_option_3"
                          name="tag"
                          type="checkbox"
                          value="test-tag-2-2"
                        />
                        <label
                          class="custom-control-label"
                          for="__BVID__33_BV_option_3"
                        >
                          <span>
                            test-tag-2-2
                          </span>
                        </label>
                      </div>
                      <div
                        class="custom-control custom-checkbox"
                      >
                        <input
                          class="custom-control-input"
                          id="__BVID__33_BV_option_4"
                          name="tag"
                          type="checkbox"
                          value="test-tag-3-1"
                        />
                        <label
                          class="custom-control-label"
                          for="__BVID__33_BV_option_4"
                        >
                          <span>
                            test-tag-3-1
                          </span>
                        </label>
                      </div>
                      <div
                        class="custom-control custom-checkbox"
                      >
                        <input
                          class="custom-control-input"
                          id="__BVID__33_BV_option_5"
                          name="tag"
                          type="checkbox"
                          value="test-tag-3-2"
                        />
                        <label
                          class="custom-control-label"
                          for="__BVID__33_BV_option_5"
                        >
                          <span>
                            test-tag-3-2
                          </span>
                        </label>
                      </div>
                    </div>
                    <!---->
                    <!---->
                    <!---->
                  </div>
                </fieldset>
              </div>
              <!---->
              <!---->
            </div>
             
            <div
              class="card bg-secondary"
            >
              <!---->
              <!---->
              <div
                class="card-body p-2"
              >
                <!---->
                <!---->
                <fieldset
                  class="form-group"
                  id="__BVID__40"
                >
                  <legend
                    class="bv-no-focus-ring col-form-label pt-0"
                    id="__BVID__40__BV_label_"
                    tabindex="-1"
                  >
                    Component Types
                  </legend>
                  <div>
                    <div
                      class="bv-no-focus-ring"
                      id="__BVID__41"
                      role="group"
                      tabindex="-1"
                    >
                      <div
                        class="custom-control custom-checkbox"
                      >
                        <input
                          class="custom-control-input"
                          id="__BVID__41_BV_option_0"
                          name="componentType"
                          type="checkbox"
                          value="test-component-type-id-1"
                        />
                        <label
                          class="custom-control-label"
                          for="__BVID__41_BV_option_0"
                        >
                          <span>
                            test-component-type-id-1
                          </span>
                        </label>
                      </div>
                      <div
                        class="custom-control custom-checkbox"
                      >
                        <input
                          class="custom-control-input"
                          id="__BVID__41_BV_option_1"
                          name="componentType"
                          type="checkbox"
                          value="test-component-type-id-2"
                        />
                        <label
                          class="custom-control-label"
                          for="__BVID__41_BV_option_1"
                        >
                          <span>
                            test-component-type-id-2
                          </span>
                        </label>
                      </div>
                      <div
                        class="custom-control custom-checkbox"
                      >
                        <input
                          class="custom-control-input"
                          id="__BVID__41_BV_option_2"
                          name="componentType"
                          type="checkbox"
                          value="test-component-type-id-3"
                        />
                        <label
                          class="custom-control-label"
                          for="__BVID__41_BV_option_2"
                        >
                          <span>
                            test-component-type-id-3
                          </span>
                        </label>
                      </div>
                    </div>
                    <!---->
                    <!---->
                    <!---->
                  </div>
                </fieldset>
              </div>
              <!---->
              <!---->
            </div>
             
            <div
              class="card bg-secondary"
            >
              <!---->
              <!---->
              <div
                class="card-body p-2"
              >
                <!---->
                <!---->
                <fieldset
                  class="form-group"
                  id="__BVID__45"
                >
                  <legend
                    class="bv-no-focus-ring col-form-label pt-0"
                    id="__BVID__45__BV_label_"
                    tabindex="-1"
                  >
                    Platforms
                  </legend>
                  <div>
                    <div
                      class="bv-no-focus-ring"
                      id="__BVID__46"
                      role="group"
                      tabindex="-1"
                    >
                      <div
                        class="custom-control custom-checkbox"
                      >
                        <input
                          class="custom-control-input"
                          id="__BVID__46_BV_option_0"
                          name="platformId"
                          type="checkbox"
                          value="undefined"
                        />
                        <label
                          class="custom-control-label"
                          for="__BVID__46_BV_option_0"
                        >
                          <span>
                            undefined
                          </span>
                        </label>
                      </div>
                    </div>
                    <!---->
                    <!---->
                    <!---->
                  </div>
                </fieldset>
              </div>
              <!---->
              <!---->
            </div>
             
            <div
              class="card bg-secondary"
            >
              <!---->
              <!---->
              <div
                class="card-body p-2"
              >
                <!---->
                <!---->
                <div
                  class="form-group"
                  id="__BVID__48"
                  role="group"
                >
                  <label
                    class="d-block"
                    for="component-filter"
                    id="__BVID__48__BV_label_"
                  >
                    Component
                  </label>
                  <div>
                    <select
                      class="custom-select custom-select-sm"
                      id="component-filter"
                    >
                      <option
                        value=""
                      >
                        Please select a component
                      </option>
                      <option
                        value="test-component-id-1"
                      >
                        test-component-id-1
                      </option>
                      <option
                        value="test-component-id-2"
                      >
                        test-component-id-2
                      </option>
                      <option
                        value="test-component-id-3"
                      >
                        test-component-id-3
                      </option>
                    </select>
                    <!---->
                    <!---->
                    <!---->
                  </div>
                </div>
              </div>
              <!---->
              <!---->
            </div>
          </div>
        </div>
      </transition-stub>
    </div>
     
    <table
      class="table table-dark"
    >
      <thead>
        <tr>
          <th
            class="component"
          >
            Component
          </th>
           
          <th
            class="teams"
          >
            Teams
          </th>
           
          <th
            class="action"
          >
            Action
          </th>
           
          <th
            class="location"
          >
            Location
          </th>
           
          <th
            class="description"
          >
            Description
          </th>
        </tr>
      </thead>
       
      <tbody>
        <tr>
          <td
            class="component"
          >
            <a
              href="/components/test-component-id-1"
            >
              Test Component Name 1
            </a>
          </td>
           
          <td
            class="teams"
          >
            <ul>
              <li>
                <a
                  class="team-name"
                  href="/teams/test-team-id-1-1"
                >
                  test-team-id-1-1
                </a>
                 
                <!---->
                 
                <!---->
              </li>
              <li>
                <a
                  class="team-name"
                  href="/teams/test-team-id-1-2"
                >
                  test-team-id-1-2
                </a>
                 
                <!---->
                 
                <!---->
              </li>
            </ul>
          </td>
           
          <td
            class="action table-secondary"
          >
            <div>
              <span
                class="badge badge-danger"
              >
                OpenAPI spec not found
              </span>
            </div>
          </td>
           
          <td
            class="location"
          >
            
        https://example.com/test-openapi-spec-1-1
      
          </td>
           
          <td
            class="description"
          >
            <div>
              

              <p>
                Test OpenAPI Spec Description 1 1
              </p>
            </div>
          </td>
        </tr>
        <tr>
          <td
            class="component"
          >
            <a
              href="/components/test-component-id-1"
            >
              Test Component Name 1
            </a>
          </td>
           
          <td
            class="teams"
          >
            <ul>
              <li>
                <a
                  class="team-name"
                  href="/teams/test-team-id-1-1"
                >
                  test-team-id-1-1
                </a>
                 
                <!---->
                 
                <!---->
              </li>
              <li>
                <a
                  class="team-name"
                  href="/teams/test-team-id-1-2"
                >
                  test-team-id-1-2
                </a>
                 
                <!---->
                 
                <!---->
              </li>
            </ul>
          </td>
           
          <td
            class="action table-secondary"
          >
            <div>
              <span
                class="badge badge-danger"
              >
                OpenAPI spec not found
              </span>
            </div>
          </td>
           
          <td
            class="location"
          >
            
        https://example.com/test-openapi-spec-1-2
      
          </td>
           
          <td
            class="description"
          >
            <div>
              

              <p>
                Test OpenAPI Spec Description 1 2
              </p>
            </div>
          </td>
        </tr>
        <tr>
          <td
            class="component"
          >
            <a
              href="/components/test-component-id-3"
            >
              Test Component Name 3
            </a>
          </td>
           
          <td
            class="teams"
          >
            <ul>
              <li>
                <a
                  class="team-name"
                  href="/teams/test-team-id-3-1"
                >
                  test-team-id-3-1
                </a>
                 
                <!---->
                 
                <!---->
              </li>
              <li>
                <a
                  class="team-name"
                  href="/teams/test-team-id-3-2"
                >
                  test-team-id-3-2
                </a>
                 
                <!---->
                 
                <!---->
              </li>
            </ul>
          </td>
           
          <td
            class="action table-secondary"
          >
            <div>
              <span
                class="badge badge-danger"
              >
                OpenAPI spec not found
              </span>
            </div>
          </td>
           
          <td
            class="location"
          >
            
        https://example.com/test-openapi-spec-3-1
      
          </td>
           
          <td
            class="description"
          >
            <div>
              

              <p>
                Test OpenAPI Spec Description 3 1
              </p>
            </div>
          </td>
        </tr>
        <tr>
          <td
            class="component"
          >
            <a
              href="/components/test-component-id-3"
            >
              Test Component Name 3
            </a>
          </td>
           
          <td
            class="teams"
          >
            <ul>
              <li>
                <a
                  class="team-name"
                  href="/teams/test-team-id-3-1"
                >
                  test-team-id-3-1
                </a>
                 
                <!---->
                 
                <!---->
              </li>
              <li>
                <a
                  class="team-name"
                  href="/teams/test-team-id-3-2"
                >
                  test-team-id-3-2
                </a>
                 
                <!---->
                 
                <!---->
              </li>
            </ul>
          </td>
           
          <td
            class="action table-secondary"
          >
            <div>
              <span
                class="badge badge-danger"
              >
                OpenAPI spec not found
              </span>
            </div>
          </td>
           
          <td
            class="location"
          >
            
        https://example.com/test-openapi-spec-3-2
      
          </td>
           
          <td
            class="description"
          >
            <div>
              

              <p>
                Test OpenAPI Spec Description 3 2
              </p>
            </div>
          </td>
        </tr>
      </tbody>
    </table>
  </div>
</div>
`;

exports[`Index when Get Components service endpoint returns an empty array renders the page 1`] = `
<div
  class="m-3"
>
  <div>
    <div
      class="card my-3"
    >
      <!---->
      <!---->
      <div
        class="list-group"
      >
        <div
          class="list-group-item list-group-item-danger"
        >
          <span
            class="display-1"
          >
            0
          </span>
          
        OpenAPI specs
      
        </div>
      </div>
      <!---->
      <!---->
    </div>
     
    <!---->
     
    <!---->
  </div>
</div>
`;
